<?xml version="1.0" encoding="UTF-8"?>
<testsuites name="jest tests" tests="5" failures="0" errors="0" time="73.997">
  <testsuite name="SidebarComponent" errors="0" failures="0" skipped="0" timestamp="2022-05-01T14:35:46" time="30.04" tests="1">
    <testcase classname="SidebarComponent should create" name="SidebarComponent should create" time="0.171">
    </testcase>
  </testsuite>
  <testsuite name="AppComponent" errors="0" failures="0" skipped="0" timestamp="2022-05-01T14:35:46" time="31.04" tests="1">
    <testcase classname="AppComponent should create" name="AppComponent should create" time="0.879">
    </testcase>
  </testsuite>
  <testsuite name="ConfigService" errors="0" failures="0" skipped="0" timestamp="2022-05-01T14:35:46" time="31.754" tests="1">
    <testcase classname="ConfigService should create" name="ConfigService should create" time="0.008">
    </testcase>
  </testsuite>
  <testsuite name="SlideButtonComponent" errors="0" failures="0" skipped="0" timestamp="2022-05-01T14:35:46" time="32.852" tests="1">
    <testcase classname="SlideButtonComponent should create" name="SlideButtonComponent should create" time="0.087">
    </testcase>
  </testsuite>
  <testsuite name="ResumeComponent" errors="0" failures="0" skipped="0" timestamp="2022-05-01T14:35:46" time="34.547" tests="1">
    <testcase classname="ResumeComponent should create" name="ResumeComponent should create" time="0.354">
    </testcase>
  </testsuite>
</testsuites>